 
========================================== 
IDDAA OTOMATIK GUNCELLEME BASLADI 
Tarih Saat: Cmt 02.05.2026 17:33:08,88 
========================================== 
[1/4] Oranlar cekiliyor... 
Traceback (most recent call last):
  File "C:\Users\YUSUF\OneDrive\Desktop\iddiayusuf-main\scraper_full.py", line 411, in <module>
    print("\u26bd Ýddaa Oran Çekici - BUGÜNÜN TÜM MAÇLARI")
    ~~~~~^^^^^^^^^^^^^^^^^^^^^^^^^^^^^^^^^^^^^^^^^^^^^^
  File "C:\Users\YUSUF\AppData\Local\Programs\Python\Python314\Lib\encodings\cp1254.py", line 19, in encode
    return codecs.charmap_encode(input,self.errors,encoding_table)[0]
           ~~~~~~~~~~~~~~~~~~~~~^^^^^^^^^^^^^^^^^^^^^^^^^^^^^^^^^^
UnicodeEncodeError: 'charmap' codec can't encode character '\u26bd' in position 0: character maps to <undefined>
 
[2/4] Gecmis maclar guncelleniyor... 
Traceback (most recent call last):
  File "C:\Users\YUSUF\OneDrive\Desktop\iddiayusuf-main\scraper_gecmis.py", line 407, in <module>
    print("\u26bd SporDB Geçmiþ Maç Çekici")
    ~~~~~^^^^^^^^^^^^^^^^^^^^^^^^^^^^^^^
  File "C:\Users\YUSUF\AppData\Local\Programs\Python\Python314\Lib\encodings\cp1254.py", line 19, in encode
    return codecs.charmap_encode(input,self.errors,encoding_table)[0]
           ~~~~~~~~~~~~~~~~~~~~~^^^^^^^^^^^^^^^^^^^^^^^^^^^^^^^^^^
UnicodeEncodeError: 'charmap' codec can't encode character '\u26bd' in position 0: character maps to <undefined>
 
[3/4] Skorlar eslestiriliyor... 
============================================================
Traceback (most recent call last):
  File "C:\Users\YUSUF\OneDrive\Desktop\iddiayusuf-main\skor_json_eslestir.py", line 259, in <module>
    main()
    ~~~~^^
  File "C:\Users\YUSUF\OneDrive\Desktop\iddiayusuf-main\skor_json_eslestir.py", line 171, in main
    print("\u26bd JSON Skor Eþleþtirici")
    ~~~~~^^^^^^^^^^^^^^^^^^^^^^^^^^^^
  File "C:\Users\YUSUF\AppData\Local\Programs\Python\Python314\Lib\encodings\cp1254.py", line 19, in encode
    return codecs.charmap_encode(input,self.errors,encoding_table)[0]
           ~~~~~~~~~~~~~~~~~~~~~^^^^^^^^^^^^^^^^^^^^^^^^^^^^^^^^^^
UnicodeEncodeError: 'charmap' codec can't encode character '\u26bd' in position 0: character maps to <undefined>
 
[4/4] GitHub'a yukleniyor... 
[main 3abc53d] Otomatik guncelleme Cmt 02.05.2026 17:33:09,30
 2 files changed, 76 insertions(+)
 create mode 100644 logs/otomatik_guncelle.log
 create mode 100644 otomatik_guncelle.bat
To https://github.com/yusufkocbiotek-sketch/iddiayusuf.git
   b0e0b21..3abc53d  main -> main
 
TAMAMLANDI 
Tarih Saat: Cmt 02.05.2026 17:33:11,06 
========================================== 
 
========================================== 
IDDAA OTOMATIK GUNCELLEME BASLADI 
Tarih Saat: Cmt 02.05.2026 17:33:27,98 
========================================== 
[1/4] Oranlar cekiliyor... 
Traceback (most recent call last):
  File "C:\Users\YUSUF\OneDrive\Desktop\iddiayusuf-main\scraper_full.py", line 411, in <module>
    print("\u26bd Ýddaa Oran Çekici - BUGÜNÜN TÜM MAÇLARI")
    ~~~~~^^^^^^^^^^^^^^^^^^^^^^^^^^^^^^^^^^^^^^^^^^^^^^
  File "C:\Users\YUSUF\AppData\Local\Programs\Python\Python314\Lib\encodings\cp1254.py", line 19, in encode
    return codecs.charmap_encode(input,self.errors,encoding_table)[0]
           ~~~~~~~~~~~~~~~~~~~~~^^^^^^^^^^^^^^^^^^^^^^^^^^^^^^^^^^
UnicodeEncodeError: 'charmap' codec can't encode character '\u26bd' in position 0: character maps to <undefined>
 
[2/4] Gecmis maclar guncelleniyor... 
Traceback (most recent call last):
  File "C:\Users\YUSUF\OneDrive\Desktop\iddiayusuf-main\scraper_gecmis.py", line 407, in <module>
    print("\u26bd SporDB Geçmiþ Maç Çekici")
    ~~~~~^^^^^^^^^^^^^^^^^^^^^^^^^^^^^^^
  File "C:\Users\YUSUF\AppData\Local\Programs\Python\Python314\Lib\encodings\cp1254.py", line 19, in encode
    return codecs.charmap_encode(input,self.errors,encoding_table)[0]
           ~~~~~~~~~~~~~~~~~~~~~^^^^^^^^^^^^^^^^^^^^^^^^^^^^^^^^^^
UnicodeEncodeError: 'charmap' codec can't encode character '\u26bd' in position 0: character maps to <undefined>
 
[3/4] Skorlar eslestiriliyor... 
============================================================
Traceback (most recent call last):
  File "C:\Users\YUSUF\OneDrive\Desktop\iddiayusuf-main\skor_json_eslestir.py", line 259, in <module>
    main()
    ~~~~^^
  File "C:\Users\YUSUF\OneDrive\Desktop\iddiayusuf-main\skor_json_eslestir.py", line 171, in main
    print("\u26bd JSON Skor Eþleþtirici")
    ~~~~~^^^^^^^^^^^^^^^^^^^^^^^^^^^^
  File "C:\Users\YUSUF\AppData\Local\Programs\Python\Python314\Lib\encodings\cp1254.py", line 19, in encode
    return codecs.charmap_encode(input,self.errors,encoding_table)[0]
           ~~~~~~~~~~~~~~~~~~~~~^^^^^^^^^^^^^^^^^^^^^^^^^^^^^^^^^^
UnicodeEncodeError: 'charmap' codec can't encode character '\u26bd' in position 0: character maps to <undefined>
 
[4/4] GitHub'a yukleniyor... 
warning: in the working copy of 'logs/otomatik_guncelle.log', LF will be replaced by CRLF the next time Git touches it
[main 5304e20] Otomatik guncelleme Cmt 02.05.2026 17:33:28,39
 1 file changed, 50 insertions(+)
To https://github.com/yusufkocbiotek-sketch/iddiayusuf.git
   3abc53d..5304e20  main -> main
 
TAMAMLANDI 
Tarih Saat: Cmt 02.05.2026 17:33:30,20 
========================================== 
 
========================================== 
IDDAA OTOMATIK GUNCELLEME BASLADI 
Tarih Saat: Cmt 02.05.2026 17:34:36,88 
========================================== 
[1/4] Oranlar cekiliyor... 
Traceback (most recent call last):
  File "C:\Users\YUSUF\OneDrive\Desktop\iddiayusuf-main\scraper_full.py", line 411, in <module>
    print("\u26bd Ýddaa Oran Çekici - BUGÜNÜN TÜM MAÇLARI")
    ~~~~~^^^^^^^^^^^^^^^^^^^^^^^^^^^^^^^^^^^^^^^^^^^^^^
  File "C:\Users\YUSUF\AppData\Local\Programs\Python\Python314\Lib\encodings\cp1254.py", line 19, in encode
    return codecs.charmap_encode(input,self.errors,encoding_table)[0]
           ~~~~~~~~~~~~~~~~~~~~~^^^^^^^^^^^^^^^^^^^^^^^^^^^^^^^^^^
UnicodeEncodeError: 'charmap' codec can't encode character '\u26bd' in position 0: character maps to <undefined>
 
[2/4] Gecmis maclar guncelleniyor... 
Traceback (most recent call last):
  File "C:\Users\YUSUF\OneDrive\Desktop\iddiayusuf-main\scraper_gecmis.py", line 407, in <module>
    print("\u26bd SporDB Geçmiþ Maç Çekici")
    ~~~~~^^^^^^^^^^^^^^^^^^^^^^^^^^^^^^^
  File "C:\Users\YUSUF\AppData\Local\Programs\Python\Python314\Lib\encodings\cp1254.py", line 19, in encode
    return codecs.charmap_encode(input,self.errors,encoding_table)[0]
           ~~~~~~~~~~~~~~~~~~~~~^^^^^^^^^^^^^^^^^^^^^^^^^^^^^^^^^^
UnicodeEncodeError: 'charmap' codec can't encode character '\u26bd' in position 0: character maps to <undefined>
 
[3/4] Skorlar eslestiriliyor... 
============================================================
Traceback (most recent call last):
  File "C:\Users\YUSUF\OneDrive\Desktop\iddiayusuf-main\skor_json_eslestir.py", line 259, in <module>
    main()
    ~~~~^^
  File "C:\Users\YUSUF\OneDrive\Desktop\iddiayusuf-main\skor_json_eslestir.py", line 171, in main
    print("\u26bd JSON Skor Eþleþtirici")
    ~~~~~^^^^^^^^^^^^^^^^^^^^^^^^^^^^
  File "C:\Users\YUSUF\AppData\Local\Programs\Python\Python314\Lib\encodings\cp1254.py", line 19, in encode
    return codecs.charmap_encode(input,self.errors,encoding_table)[0]
           ~~~~~~~~~~~~~~~~~~~~~^^^^^^^^^^^^^^^^^^^^^^^^^^^^^^^^^^
UnicodeEncodeError: 'charmap' codec can't encode character '\u26bd' in position 0: character maps to <undefined>
 
[4/4] GitHub'a yukleniyor... 
warning: in the working copy of 'logs/otomatik_guncelle.log', LF will be replaced by CRLF the next time Git touches it
[main dc0c5cc] Otomatik guncelleme Cmt 02.05.2026 17:34:37,29
 1 file changed, 49 insertions(+)
To https://github.com/yusufkocbiotek-sketch/iddiayusuf.git
   5304e20..dc0c5cc  main -> main
 
TAMAMLANDI 
Tarih Saat: Cmt 02.05.2026 17:34:39,42 
========================================== 
